// Jest Snapshot v1, https://goo.gl/fbAQLP

exports[`Pruebas en GridItem Debe hacer match con el snapshot 1`] = `
<div>
  <div
    class="card"
  >
    <img
      alt="titulo"
      src="https://url.com/soyunaurl.jpg"
    />
    <p>
      titulo
    </p>
  </div>
</div>
`;
